// Jest Snapshot v1, https://goo.gl/fbAQLP

exports[`Tests for <InnerMedsForm /> component should render the component correctly 1`] = `
<div>
  <div>
    <ul>
      <div
        class="med-small-card"
      >
        <div>
          Abrotanum
           
          30
        </div>
        <div
          class="cancel-button"
          data-testid="cancel-button"
          id="1"
        >
          <svg
            fill="currentColor"
            height="1em"
            stroke="currentColor"
            stroke-width="0"
            viewBox="0 0 16 16"
            width="1em"
            xmlns="http://www.w3.org/2000/svg"
          >
            <path
              d="M16 8A8 8 0 1 1 0 8a8 8 0 0 1 16 0zM5.354 4.646a.5.5 0 1 0-.708.708L7.293 8l-2.647 2.646a.5.5 0 0 0 .708.708L8 8.707l2.646 2.647a.5.5 0 0 0 .708-.708L8.707 8l2.647-2.646a.5.5 0 0 0-.708-.708L8 7.293 5.354 4.646z"
            />
          </svg>
        </div>
      </div>
      <div
        class="med-small-card"
      >
        <div>
          Calendula
           
          200
        </div>
        <div
          class="cancel-button"
          data-testid="cancel-button"
          id="3"
        >
          <svg
            fill="currentColor"
            height="1em"
            stroke="currentColor"
            stroke-width="0"
            viewBox="0 0 16 16"
            width="1em"
            xmlns="http://www.w3.org/2000/svg"
          >
            <path
              d="M16 8A8 8 0 1 1 0 8a8 8 0 0 1 16 0zM5.354 4.646a.5.5 0 1 0-.708.708L7.293 8l-2.647 2.646a.5.5 0 0 0 .708.708L8 8.707l2.646 2.647a.5.5 0 0 0 .708-.708L8.707 8l2.647-2.646a.5.5 0 0 0-.708-.708L8 7.293 5.354 4.646z"
            />
          </svg>
        </div>
      </div>
      <div
        class="med-small-card"
      >
        <div>
          Calendula
           
          30
        </div>
        <div
          class="cancel-button"
          data-testid="cancel-button"
          id="2"
        >
          <svg
            fill="currentColor"
            height="1em"
            stroke="currentColor"
            stroke-width="0"
            viewBox="0 0 16 16"
            width="1em"
            xmlns="http://www.w3.org/2000/svg"
          >
            <path
              d="M16 8A8 8 0 1 1 0 8a8 8 0 0 1 16 0zM5.354 4.646a.5.5 0 1 0-.708.708L7.293 8l-2.647 2.646a.5.5 0 0 0 .708.708L8 8.707l2.646 2.647a.5.5 0 0 0 .708-.708L8.707 8l2.647-2.646a.5.5 0 0 0-.708-.708L8 7.293 5.354 4.646z"
            />
          </svg>
        </div>
      </div>
    </ul>
  </div>
  <div>
    <div
      class="horizontal-input-button"
    >
      <div
        class="input process relative"
      >
        <input
          class="inner-input"
          name="medicamento"
          value=""
        />
      </div>
      <button
        class="primary"
      >
        +
      </button>
    </div>
  </div>
</div>
`;
