// Jest Snapshot v1, https://goo.gl/fbAQLP

exports[`test for <Paginate /> component should render the component properly 1`] = `
<div>
  <div
    class="paginate-container"
  >
    <div
      class="paginate-item active"
      data-testid="item-container"
    >
      1
    </div>
    <div
      class="paginate-item "
      data-testid="item-container"
    >
      2
    </div>
    <div
      class="paginate-item "
      data-testid="item-container"
    >
      3
    </div>
    <div
      class="paginate-item "
      data-testid="item-container"
    >
      4
    </div>
  </div>
</div>
`;
